// Jest Snapshot v1, https://goo.gl/fbAQLP

exports[`button tests is a div 1`] = `
<button
  className="sui-button sui-button-normal sui-button-medium"
/>
`;
